[2026-08-27T02:01:43.497+0000] {taskinstance.py:1956} INFO - Dependencies all met for dep_context=non-requeueable deps ti=<TaskInstance: supermarket_etl_pipeline.build_gold manual__2026-08-27T02:01:38.378835+00:00 [queued]>
[2026-08-27T02:01:43.505+0000] {taskinstance.py:1956} INFO - Dependencies all met for dep_context=requeueable deps ti=<TaskInstance: supermarket_etl_pipeline.build_gold manual__2026-08-27T02:01:38.378835+00:00 [queued]>
[2026-08-27T02:01:43.506+0000] {taskinstance.py:2170} INFO - Starting attempt 1 of 1
[2026-08-27T02:01:43.517+0000] {taskinstance.py:2191} INFO - Executing <Task(PostgresOperator): build_gold> on 2026-08-27 02:01:38.378835+00:00
[2026-08-27T02:01:43.522+0000] {standard_task_runner.py:60} INFO - Started process 551 to run task
[2026-08-27T02:01:43.524+0000] {standard_task_runner.py:87} INFO - Running: ['***', 'tasks', 'run', 'supermarket_etl_pipeline', 'build_gold', 'manual__2026-08-27T02:01:38.378835+00:00', '--job-id', '9', '--raw', '--subdir', 'DAGS_FOLDER/supermarket_etl_pipeline.py', '--cfg-path', '/tmp/tmpk2vei4lt']
[2026-08-27T02:01:43.526+0000] {standard_task_runner.py:88} INFO - Job 9: Subtask build_gold
[2026-08-27T02:01:43.570+0000] {task_command.py:423} INFO - Running <TaskInstance: supermarket_etl_pipeline.build_gold manual__2026-08-27T02:01:38.378835+00:00 [running]> on host bc79786c6c4c
[2026-08-27T02:01:43.793+0000] {taskinstance.py:2480} INFO - Exporting env vars: AIRFLOW_CTX_DAG_OWNER='etl' AIRFLOW_CTX_DAG_ID='supermarket_etl_pipeline' AIRFLOW_CTX_TASK_ID='build_gold' AIRFLOW_CTX_EXECUTION_DATE='2026-08-27T02:01:38.378835+00:00' AIRFLOW_CTX_TRY_NUMBER='1' AIRFLOW_CTX_DAG_RUN_ID='manual__2026-08-27T02:01:38.378835+00:00'
[2026-08-27T02:01:43.795+0000] {sql.py:276} INFO - Executing: -- Tạo bảng nếu chưa có (không DROP — idempotent)
CREATE TABLE IF NOT EXISTS gold.supermarket_daily_summary (
    report_date         DATE,
    branch              TEXT,
    city                TEXT,
    product_line        TEXT,
    payment             TEXT,
    customer_type       TEXT,
    total_transactions  BIGINT,
    total_quantity      BIGINT,
    total_revenue       NUMERIC(12,2),
    total_tax           NUMERIC(12,2),
    total_gross_income  NUMERIC(12,2),
    avg_unit_price      NUMERIC(10,2),
    avg_rating          NUMERIC(4,2),
    created_at          TIMESTAMP,
    PRIMARY KEY (report_date, branch, product_line, payment, customer_type)
);

-- UPSERT: nếu trigger lại DAG, cập nhật số liệu thay vì báo lỗi primary key trùng
INSERT INTO gold.supermarket_daily_summary
SELECT
    sale_date                               AS report_date,
    branch,
    city,
    product_line,
    payment,
    customer_type,
    COUNT(*)                                AS total_transactions,
    SUM(quantity)                           AS total_quantity,
    ROUND(SUM(total)::NUMERIC, 2)           AS total_revenue,
    ROUND(SUM(tax_5pct)::NUMERIC, 2)        AS total_tax,
    ROUND(SUM(gross_income)::NUMERIC, 2)    AS total_gross_income,
    ROUND(AVG(unit_price)::NUMERIC, 2)      AS avg_unit_price,
    ROUND(AVG(rating)::NUMERIC, 2)          AS avg_rating,
    NOW()                                   AS created_at
FROM silver.supermarket
GROUP BY
    sale_date, branch, city, product_line, payment, customer_type
ON CONFLICT (report_date, branch, product_line, payment, customer_type)
DO UPDATE SET
    city               = EXCLUDED.city,
    total_transactions = EXCLUDED.total_transactions,
    total_quantity     = EXCLUDED.total_quantity,
    total_revenue      = EXCLUDED.total_revenue,
    total_tax          = EXCLUDED.total_tax,
    total_gross_income = EXCLUDED.total_gross_income,
    avg_unit_price     = EXCLUDED.avg_unit_price,
    avg_rating         = EXCLUDED.avg_rating,
    created_at         = EXCLUDED.created_at;
[2026-08-27T02:01:43.799+0000] {base.py:83} INFO - Using connection ID 'postgres_etl' for task execution.
[2026-08-27T02:01:43.803+0000] {base.py:83} INFO - Using connection ID 'postgres_etl' for task execution.
[2026-08-27T02:01:43.808+0000] {sql.py:450} INFO - Running statement: -- Tạo bảng nếu chưa có (không DROP — idempotent)
CREATE TABLE IF NOT EXISTS gold.supermarket_daily_summary (
    report_date         DATE,
    branch              TEXT,
    city                TEXT,
    product_line        TEXT,
    payment             TEXT,
    customer_type       TEXT,
    total_transactions  BIGINT,
    total_quantity      BIGINT,
    total_revenue       NUMERIC(12,2),
    total_tax           NUMERIC(12,2),
    total_gross_income  NUMERIC(12,2),
    avg_unit_price      NUMERIC(10,2),
    avg_rating          NUMERIC(4,2),
    created_at          TIMESTAMP,
    PRIMARY KEY (report_date, branch, product_line, payment, customer_type)
);

-- UPSERT: nếu trigger lại DAG, cập nhật số liệu thay vì báo lỗi primary key trùng
INSERT INTO gold.supermarket_daily_summary
SELECT
    sale_date                               AS report_date,
    branch,
    city,
    product_line,
    payment,
    customer_type,
    COUNT(*)                                AS total_transactions,
    SUM(quantity)                           AS total_quantity,
    ROUND(SUM(total)::NUMERIC, 2)           AS total_revenue,
    ROUND(SUM(tax_5pct)::NUMERIC, 2)        AS total_tax,
    ROUND(SUM(gross_income)::NUMERIC, 2)    AS total_gross_income,
    ROUND(AVG(unit_price)::NUMERIC, 2)      AS avg_unit_price,
    ROUND(AVG(rating)::NUMERIC, 2)          AS avg_rating,
    NOW()                                   AS created_at
FROM silver.supermarket
GROUP BY
    sale_date, branch, city, product_line, payment, customer_type
ON CONFLICT (report_date, branch, product_line, payment, customer_type)
DO UPDATE SET
    city               = EXCLUDED.city,
    total_transactions = EXCLUDED.total_transactions,
    total_quantity     = EXCLUDED.total_quantity,
    total_revenue      = EXCLUDED.total_revenue,
    total_tax          = EXCLUDED.total_tax,
    total_gross_income = EXCLUDED.total_gross_income,
    avg_unit_price     = EXCLUDED.avg_unit_price,
    avg_rating         = EXCLUDED.avg_rating,
    created_at         = EXCLUDED.created_at;, parameters: None
[2026-08-27T02:01:43.827+0000] {sql.py:459} INFO - Rows affected: 957
[2026-08-27T02:01:43.838+0000] {taskinstance.py:1138} INFO - Marking task as SUCCESS. dag_id=supermarket_etl_pipeline, task_id=build_gold, execution_date=20260827T020138, start_date=20260827T020143, end_date=20260827T020143
[2026-08-27T02:01:43.859+0000] {local_task_job_runner.py:234} INFO - Task exited with return code 0
[2026-08-27T02:01:43.876+0000] {taskinstance.py:3280} INFO - 1 downstream tasks scheduled from follow-on schedule check
